// Jest Snapshot v1, https://goo.gl/fbAQLP

exports[`Verify stryker has ran correctly should report correct score 1`] = `
Object {
  "compileErrors": 0,
  "ignored": 0,
  "killed": 2,
  "mutationScore": 50,
  "mutationScoreBasedOnCoveredCode": 50,
  "noCoverage": 0,
  "runtimeErrors": 0,
  "survived": 2,
  "timeout": 0,
  "totalCovered": 4,
  "totalDetected": 2,
  "totalInvalid": 0,
  "totalMutants": 4,
  "totalUndetected": 2,
  "totalValid": 4,
}
`;
